2026-03-24T09:50:47: PM2 log: ===============================================================================
2026-03-24T09:50:47: PM2 log: --- New PM2 Daemon started ----------------------------------------------------
2026-03-24T09:50:47: PM2 log: Time                 : Tue Mar 24 2026 09:50:47 GMT+0000 (Coordinated Universal Time)
2026-03-24T09:50:47: PM2 log: PM2 version          : 6.0.14
2026-03-24T09:50:47: PM2 log: Node.js version      : 20.20.1
2026-03-24T09:50:47: PM2 log: Current arch         : x64
2026-03-24T09:50:47: PM2 log: PM2 home             : /home/ec2-user/.pm2
2026-03-24T09:50:47: PM2 log: PM2 PID file         : /home/ec2-user/.pm2/pm2.pid
2026-03-24T09:50:47: PM2 log: RPC socket file      : /home/ec2-user/.pm2/rpc.sock
2026-03-24T09:50:47: PM2 log: BUS socket file      : /home/ec2-user/.pm2/pub.sock
2026-03-24T09:50:47: PM2 log: Application log path : /home/ec2-user/.pm2/logs
2026-03-24T09:50:47: PM2 log: Worker Interval      : 30000
2026-03-24T09:50:47: PM2 log: Process dump file    : /home/ec2-user/.pm2/dump.pm2
2026-03-24T09:50:47: PM2 log: Concurrent actions   : 2
2026-03-24T09:50:47: PM2 log: SIGTERM timeout      : 1600
2026-03-24T09:50:47: PM2 log: Runtime Binary       : /usr/bin/node
2026-03-24T09:50:47: PM2 log: ===============================================================================
2026-03-24T09:50:47: PM2 log: App [powerpulse:0] starting in -fork mode-
2026-03-24T09:50:47: PM2 log: App [powerpulse:0] online
2026-03-24T09:55:47: PM2 log: Stopping app:powerpulse id:0
2026-03-24T09:55:47: PM2 log: App [powerpulse:0] exited with code [0] via signal [SIGINT]
2026-03-24T09:55:47: PM2 log: pid=24270 msg=process killed
2026-03-24T09:55:47: PM2 log: App [powerpulse:0] starting in -fork mode-
2026-03-24T09:55:47: PM2 log: App [powerpulse:0] online
2026-03-24T16:16:51: PM2 log: pm2 has been killed by signal, dumping process list before exit...
2026-03-24T16:16:51: PM2 log: Deleting process 0
2026-03-24T16:16:51: PM2 log: Stopping app:powerpulse id:0
2026-03-24T16:16:51: PM2 log: App [powerpulse:0] exited with code [0] via signal [SIGHUP]
2026-03-24T16:16:51: PM2 log: pid=26085 msg=process killed
2026-03-24T16:16:51: PM2 log: Exited peacefully
2026-04-08T13:20:00: PM2 log: ===============================================================================
2026-04-08T13:20:01: PM2 log: --- New PM2 Daemon started ----------------------------------------------------
2026-04-08T13:20:01: PM2 log: Time                 : Wed Apr 08 2026 13:20:01 GMT+0000 (Coordinated Universal Time)
2026-04-08T13:20:01: PM2 log: PM2 version          : 6.0.14
2026-04-08T13:20:01: PM2 log: Node.js version      : 20.20.1
2026-04-08T13:20:01: PM2 log: Current arch         : x64
2026-04-08T13:20:01: PM2 log: PM2 home             : /home/ec2-user/.pm2
2026-04-08T13:20:01: PM2 log: PM2 PID file         : /home/ec2-user/.pm2/pm2.pid
2026-04-08T13:20:01: PM2 log: RPC socket file      : /home/ec2-user/.pm2/rpc.sock
2026-04-08T13:20:01: PM2 log: BUS socket file      : /home/ec2-user/.pm2/pub.sock
2026-04-08T13:20:01: PM2 log: Application log path : /home/ec2-user/.pm2/logs
2026-04-08T13:20:01: PM2 log: Worker Interval      : 30000
2026-04-08T13:20:01: PM2 log: Process dump file    : /home/ec2-user/.pm2/dump.pm2
2026-04-08T13:20:01: PM2 log: Concurrent actions   : 2
2026-04-08T13:20:01: PM2 log: SIGTERM timeout      : 1600
2026-04-08T13:20:01: PM2 log: Runtime Binary       : /usr/bin/node
2026-04-08T13:20:01: PM2 log: ===============================================================================
2026-04-08T13:24:45: PM2 log: App [powerpulse:0] starting in -fork mode-
2026-04-08T13:24:45: PM2 log: App [powerpulse:0] online
2026-04-08T14:10:58: PM2 log: Stopping app:powerpulse id:0
2026-04-08T14:10:58: PM2 log: App [powerpulse:0] exited with code [0] via signal [SIGINT]
2026-04-08T14:10:58: PM2 log: pid=2656 msg=process killed
2026-04-08T14:10:58: PM2 log: App [powerpulse:0] starting in -fork mode-
2026-04-08T14:10:58: PM2 log: App [powerpulse:0] online
2026-04-09T16:30:09: PM2 log: pm2 has been killed by signal, dumping process list before exit...
2026-04-09T16:30:09: PM2 log: Deleting process 0
2026-04-09T16:30:09: PM2 log: Stopping app:powerpulse id:0
2026-04-09T16:30:09: PM2 log: App [powerpulse:0] exited with code [0] via signal [SIGTERM]
2026-04-09T16:30:09: PM2 log: pid=4022 msg=process killed
2026-04-09T16:30:09: PM2 log: Exited peacefully
2026-04-11T06:36:57: PM2 log: ===============================================================================
2026-04-11T06:36:57: PM2 log: --- New PM2 Daemon started ----------------------------------------------------
2026-04-11T06:36:57: PM2 log: Time                 : Sat Apr 11 2026 06:36:57 GMT+0000 (Coordinated Universal Time)
2026-04-11T06:36:57: PM2 log: PM2 version          : 6.0.14
2026-04-11T06:36:57: PM2 log: Node.js version      : 20.20.1
2026-04-11T06:36:57: PM2 log: Current arch         : x64
2026-04-11T06:36:57: PM2 log: PM2 home             : /home/ec2-user/.pm2
2026-04-11T06:36:57: PM2 log: PM2 PID file         : /home/ec2-user/.pm2/pm2.pid
2026-04-11T06:36:57: PM2 log: RPC socket file      : /home/ec2-user/.pm2/rpc.sock
2026-04-11T06:36:57: PM2 log: BUS socket file      : /home/ec2-user/.pm2/pub.sock
2026-04-11T06:36:57: PM2 log: Application log path : /home/ec2-user/.pm2/logs
2026-04-11T06:36:57: PM2 log: Worker Interval      : 30000
2026-04-11T06:36:57: PM2 log: Process dump file    : /home/ec2-user/.pm2/dump.pm2
2026-04-11T06:36:57: PM2 log: Concurrent actions   : 2
2026-04-11T06:36:57: PM2 log: SIGTERM timeout      : 1600
2026-04-11T06:36:57: PM2 log: Runtime Binary       : /usr/bin/node
2026-04-11T06:36:57: PM2 log: ===============================================================================
2026-04-11T06:43:57: PM2 log: App [powerpulse:0] starting in -fork mode-
2026-04-11T06:43:57: PM2 log: App [powerpulse:0] online
2026-04-25T16:55:57: PM2 log: pm2 has been killed by signal, dumping process list before exit...
2026-04-25T16:55:57: PM2 log: Deleting process 0
2026-04-25T16:55:57: PM2 log: Stopping app:powerpulse id:0
2026-04-25T16:55:57: PM2 log: App [powerpulse:0] exited with code [0] via signal [SIGHUP]
2026-04-25T16:55:57: PM2 log: pid=3803 msg=process killed
2026-04-25T16:55:57: PM2 log: Exited peacefully
2026-04-27T22:26:46: PM2 log: ===============================================================================
2026-04-27T22:26:46: PM2 log: --- New PM2 Daemon started ----------------------------------------------------
2026-04-27T22:26:46: PM2 log: Time                 : Mon Apr 27 2026 22:26:46 GMT+0000 (Coordinated Universal Time)
2026-04-27T22:26:46: PM2 log: PM2 version          : 6.0.14
2026-04-27T22:26:46: PM2 log: Node.js version      : 20.20.1
2026-04-27T22:26:46: PM2 log: Current arch         : x64
2026-04-27T22:26:46: PM2 log: PM2 home             : /home/ec2-user/.pm2
2026-04-27T22:26:46: PM2 log: PM2 PID file         : /home/ec2-user/.pm2/pm2.pid
2026-04-27T22:26:46: PM2 log: RPC socket file      : /home/ec2-user/.pm2/rpc.sock
2026-04-27T22:26:46: PM2 log: BUS socket file      : /home/ec2-user/.pm2/pub.sock
2026-04-27T22:26:46: PM2 log: Application log path : /home/ec2-user/.pm2/logs
2026-04-27T22:26:46: PM2 log: Worker Interval      : 30000
2026-04-27T22:26:46: PM2 log: Process dump file    : /home/ec2-user/.pm2/dump.pm2
2026-04-27T22:26:46: PM2 log: Concurrent actions   : 2
2026-04-27T22:26:46: PM2 log: SIGTERM timeout      : 1600
2026-04-27T22:26:46: PM2 log: Runtime Binary       : /usr/bin/node
2026-04-27T22:26:46: PM2 log: ===============================================================================
2026-04-27T22:27:33: PM2 log: App [powerpulse:0] starting in -fork mode-
2026-04-27T22:27:33: PM2 log: App [powerpulse:0] online
2026-05-02T22:26:47: PM2 log: [PM2] This PM2 is not UP TO DATE
2026-05-02T22:26:47: PM2 log: [PM2] Upgrade to version 7.0.1
2026-05-03T22:26:47: PM2 log: [PM2] This PM2 is not UP TO DATE
2026-05-03T22:26:47: PM2 log: [PM2] Upgrade to version 7.0.1
2026-05-04T22:26:47: PM2 log: [PM2] This PM2 is not UP TO DATE
2026-05-04T22:26:47: PM2 log: [PM2] Upgrade to version 7.0.1
2026-05-05T22:26:47: PM2 log: [PM2] This PM2 is not UP TO DATE
2026-05-05T22:26:47: PM2 log: [PM2] Upgrade to version 7.0.1
2026-05-06T22:26:47: PM2 log: [PM2] This PM2 is not UP TO DATE
2026-05-06T22:26:47: PM2 log: [PM2] Upgrade to version 7.0.1
2026-05-07T11:40:10: PM2 log: Stopping app:powerpulse id:0
2026-05-07T11:40:10: PM2 log: App [powerpulse:0] exited with code [0] via signal [SIGINT]
2026-05-07T11:40:10: PM2 log: pid=2192 msg=process killed
2026-05-07T11:43:25: PM2 log: App [powerpulse:0] starting in -fork mode-
2026-05-07T11:43:25: PM2 log: App [powerpulse:0] online
2026-05-07T22:26:47: PM2 log: [PM2] This PM2 is not UP TO DATE
2026-05-07T22:26:47: PM2 log: [PM2] Upgrade to version 7.0.1
2026-05-08T22:26:47: PM2 log: [PM2] This PM2 is not UP TO DATE
2026-05-08T22:26:47: PM2 log: [PM2] Upgrade to version 7.0.1
2026-05-09T22:26:47: PM2 log: [PM2] This PM2 is not UP TO DATE
2026-05-09T22:26:47: PM2 log: [PM2] Upgrade to version 7.0.1
2026-05-10T22:26:47: PM2 log: [PM2] This PM2 is not UP TO DATE
2026-05-10T22:26:47: PM2 log: [PM2] Upgrade to version 7.0.1
2026-05-11T22:26:47: PM2 log: [PM2] This PM2 is not UP TO DATE
2026-05-11T22:26:47: PM2 log: [PM2] Upgrade to version 7.0.1
2026-05-12T22:26:47: PM2 log: [PM2] This PM2 is not UP TO DATE
2026-05-12T22:26:47: PM2 log: [PM2] Upgrade to version 7.0.1
2026-05-13T22:26:47: PM2 log: [PM2] This PM2 is not UP TO DATE
2026-05-13T22:26:47: PM2 log: [PM2] Upgrade to version 7.0.1
2026-05-14T22:26:47: PM2 log: [PM2] This PM2 is not UP TO DATE
2026-05-14T22:26:47: PM2 log: [PM2] Upgrade to version 7.0.1
2026-05-15T22:26:47: PM2 log: [PM2] This PM2 is not UP TO DATE
2026-05-15T22:26:47: PM2 log: [PM2] Upgrade to version 7.0.1
2026-05-16T22:26:47: PM2 log: [PM2] This PM2 is not UP TO DATE
2026-05-16T22:26:47: PM2 log: [PM2] Upgrade to version 7.0.1
2026-05-17T22:26:47: PM2 log: [PM2] This PM2 is not UP TO DATE
2026-05-17T22:26:47: PM2 log: [PM2] Upgrade to version 7.0.1
2026-05-18T22:26:47: PM2 log: [PM2] This PM2 is not UP TO DATE
2026-05-18T22:26:47: PM2 log: [PM2] Upgrade to version 7.0.1
2026-05-19T22:26:47: PM2 log: [PM2] This PM2 is not UP TO DATE
2026-05-19T22:26:47: PM2 log: [PM2] Upgrade to version 7.0.1
2026-05-20T22:26:47: PM2 log: [PM2] This PM2 is not UP TO DATE
2026-05-20T22:26:47: PM2 log: [PM2] Upgrade to version 7.0.1
2026-05-21T22:26:47: PM2 log: [PM2] This PM2 is not UP TO DATE
2026-05-21T22:26:47: PM2 log: [PM2] Upgrade to version 7.0.1
2026-05-22T22:26:47: PM2 log: [PM2] This PM2 is not UP TO DATE
2026-05-22T22:26:47: PM2 log: [PM2] Upgrade to version 7.0.1
2026-05-23T22:26:47: PM2 log: [PM2] This PM2 is not UP TO DATE
2026-05-23T22:26:47: PM2 log: [PM2] Upgrade to version 7.0.1
2026-05-24T22:26:47: PM2 log: [PM2] This PM2 is not UP TO DATE
2026-05-24T22:26:47: PM2 log: [PM2] Upgrade to version 7.0.1
2026-05-25T22:26:47: PM2 log: [PM2] This PM2 is not UP TO DATE
2026-05-25T22:26:47: PM2 log: [PM2] Upgrade to version 7.0.1
2026-05-26T22:26:47: PM2 log: [PM2] This PM2 is not UP TO DATE
2026-05-26T22:26:47: PM2 log: [PM2] Upgrade to version 7.0.1
2026-05-27T22:26:47: PM2 log: [PM2] This PM2 is not UP TO DATE
2026-05-27T22:26:47: PM2 log: [PM2] Upgrade to version 7.0.1
2026-05-28T22:26:47: PM2 log: [PM2] This PM2 is not UP TO DATE
2026-05-28T22:26:47: PM2 log: [PM2] Upgrade to version 7.0.1
2026-05-29T22:26:47: PM2 log: [PM2] This PM2 is not UP TO DATE
2026-05-29T22:26:47: PM2 log: [PM2] Upgrade to version 7.0.1
2026-05-30T22:26:47: PM2 log: [PM2] This PM2 is not UP TO DATE
2026-05-30T22:26:47: PM2 log: [PM2] Upgrade to version 7.0.1
2026-05-31T22:26:47: PM2 log: [PM2] This PM2 is not UP TO DATE
2026-05-31T22:26:47: PM2 log: [PM2] Upgrade to version 7.0.1
2026-06-01T22:26:47: PM2 log: [PM2] This PM2 is not UP TO DATE
2026-06-01T22:26:47: PM2 log: [PM2] Upgrade to version 7.0.1
2026-06-02T22:26:47: PM2 log: [PM2] This PM2 is not UP TO DATE
2026-06-02T22:26:47: PM2 log: [PM2] Upgrade to version 7.0.1
2026-06-03T22:26:47: PM2 log: [PM2] This PM2 is not UP TO DATE
2026-06-03T22:26:47: PM2 log: [PM2] Upgrade to version 7.0.1
2026-06-04T22:26:47: PM2 log: [PM2] This PM2 is not UP TO DATE
2026-06-04T22:26:47: PM2 log: [PM2] Upgrade to version 7.0.1
2026-06-05T22:26:47: PM2 log: [PM2] This PM2 is not UP TO DATE
2026-06-05T22:26:47: PM2 log: [PM2] Upgrade to version 7.0.1
2026-06-06T22:26:47: PM2 log: [PM2] This PM2 is not UP TO DATE
2026-06-06T22:26:47: PM2 log: [PM2] Upgrade to version 7.0.1
2026-06-07T22:26:47: PM2 log: [PM2] This PM2 is not UP TO DATE
2026-06-07T22:26:47: PM2 log: [PM2] Upgrade to version 7.0.1
2026-06-08T22:26:47: PM2 log: [PM2] This PM2 is not UP TO DATE
2026-06-08T22:26:47: PM2 log: [PM2] Upgrade to version 7.0.1
2026-06-09T22:26:47: PM2 log: [PM2] This PM2 is not UP TO DATE
2026-06-09T22:26:47: PM2 log: [PM2] Upgrade to version 7.0.1
2026-06-10T22:26:47: PM2 log: [PM2] This PM2 is not UP TO DATE
2026-06-10T22:26:47: PM2 log: [PM2] Upgrade to version 7.0.1
2026-06-11T22:26:47: PM2 log: [PM2] This PM2 is not UP TO DATE
2026-06-11T22:26:47: PM2 log: [PM2] Upgrade to version 7.0.1
2026-06-12T22:26:47: PM2 log: [PM2] This PM2 is not UP TO DATE
2026-06-12T22:26:47: PM2 log: [PM2] Upgrade to version 7.0.1
2026-06-13T22:26:47: PM2 log: [PM2] This PM2 is not UP TO DATE
2026-06-13T22:26:47: PM2 log: [PM2] Upgrade to version 7.0.1
2026-06-14T22:26:47: PM2 log: [PM2] This PM2 is not UP TO DATE
2026-06-14T22:26:47: PM2 log: [PM2] Upgrade to version 7.0.1
2026-06-15T22:26:47: PM2 log: [PM2] This PM2 is not UP TO DATE
2026-06-15T22:26:47: PM2 log: [PM2] Upgrade to version 7.0.1
2026-06-16T22:26:47: PM2 log: [PM2] This PM2 is not UP TO DATE
2026-06-16T22:26:47: PM2 log: [PM2] Upgrade to version 7.0.1
2026-06-17T22:26:47: PM2 log: [PM2] This PM2 is not UP TO DATE
2026-06-17T22:26:47: PM2 log: [PM2] Upgrade to version 7.0.1
2026-06-18T22:26:47: PM2 log: [PM2] This PM2 is not UP TO DATE
2026-06-18T22:26:47: PM2 log: [PM2] Upgrade to version 7.0.1
2026-06-19T22:26:47: PM2 log: [PM2] This PM2 is not UP TO DATE
2026-06-19T22:26:47: PM2 log: [PM2] Upgrade to version 7.0.1
2026-06-20T22:26:47: PM2 log: [PM2] This PM2 is not UP TO DATE
2026-06-20T22:26:47: PM2 log: [PM2] Upgrade to version 7.0.1
2026-06-21T22:26:47: PM2 log: [PM2] This PM2 is not UP TO DATE
2026-06-21T22:26:47: PM2 log: [PM2] Upgrade to version 7.0.1
2026-06-22T22:26:47: PM2 log: [PM2] This PM2 is not UP TO DATE
2026-06-22T22:26:47: PM2 log: [PM2] Upgrade to version 7.0.1
2026-06-23T22:26:47: PM2 log: [PM2] This PM2 is not UP TO DATE
2026-06-23T22:26:47: PM2 log: [PM2] Upgrade to version 7.0.1
2026-06-24T22:26:47: PM2 log: [PM2] This PM2 is not UP TO DATE
2026-06-24T22:26:47: PM2 log: [PM2] Upgrade to version 7.0.1
2026-06-25T22:26:47: PM2 log: [PM2] This PM2 is not UP TO DATE
2026-06-25T22:26:47: PM2 log: [PM2] Upgrade to version 7.0.1
2026-06-26T22:26:47: PM2 log: [PM2] This PM2 is not UP TO DATE
2026-06-26T22:26:47: PM2 log: [PM2] Upgrade to version 7.0.1
2026-06-27T22:26:47: PM2 log: [PM2] This PM2 is not UP TO DATE
2026-06-27T22:26:47: PM2 log: [PM2] Upgrade to version 7.0.1
2026-06-28T22:26:47: PM2 log: [PM2] This PM2 is not UP TO DATE
2026-06-28T22:26:47: PM2 log: [PM2] Upgrade to version 7.0.1
2026-06-29T22:26:47: PM2 log: [PM2] This PM2 is not UP TO DATE
2026-06-29T22:26:47: PM2 log: [PM2] Upgrade to version 7.0.3
2026-06-30T22:26:47: PM2 log: [PM2] This PM2 is not UP TO DATE
2026-06-30T22:26:47: PM2 log: [PM2] Upgrade to version 7.0.3
2026-07-01T22:26:47: PM2 log: [PM2] This PM2 is not UP TO DATE
2026-07-01T22:26:47: PM2 log: [PM2] Upgrade to version 7.0.3
2026-07-02T22:26:47: PM2 log: [PM2] This PM2 is not UP TO DATE
2026-07-02T22:26:47: PM2 log: [PM2] Upgrade to version 7.0.3
2026-07-03T22:26:47: PM2 log: [PM2] This PM2 is not UP TO DATE
2026-07-03T22:26:47: PM2 log: [PM2] Upgrade to version 7.0.3
2026-07-04T22:26:47: PM2 log: [PM2] This PM2 is not UP TO DATE
2026-07-04T22:26:47: PM2 log: [PM2] Upgrade to version 7.0.3
2026-07-05T22:26:47: PM2 log: [PM2] This PM2 is not UP TO DATE
2026-07-05T22:26:47: PM2 log: [PM2] Upgrade to version 7.0.3
2026-07-06T22:26:47: PM2 log: [PM2] This PM2 is not UP TO DATE
2026-07-06T22:26:47: PM2 log: [PM2] Upgrade to version 7.0.3
2026-07-07T22:26:47: PM2 log: [PM2] This PM2 is not UP TO DATE
2026-07-07T22:26:47: PM2 log: [PM2] Upgrade to version 7.0.3
2026-07-08T22:26:47: PM2 log: [PM2] This PM2 is not UP TO DATE
2026-07-08T22:26:47: PM2 log: [PM2] Upgrade to version 7.0.3
2026-07-09T22:26:47: PM2 log: [PM2] This PM2 is not UP TO DATE
2026-07-09T22:26:47: PM2 log: [PM2] Upgrade to version 7.0.3
2026-07-10T22:26:47: PM2 log: [PM2] This PM2 is not UP TO DATE
2026-07-10T22:26:47: PM2 log: [PM2] Upgrade to version 7.0.3
2026-07-11T22:26:47: PM2 log: [PM2] This PM2 is not UP TO DATE
2026-07-11T22:26:47: PM2 log: [PM2] Upgrade to version 7.0.3
2026-07-12T22:26:47: PM2 log: [PM2] This PM2 is not UP TO DATE
2026-07-12T22:26:47: PM2 log: [PM2] Upgrade to version 7.0.3
2026-07-13T22:26:47: PM2 log: [PM2] This PM2 is not UP TO DATE
2026-07-13T22:26:47: PM2 log: [PM2] Upgrade to version 7.0.3
2026-07-14T22:26:47: PM2 log: [PM2] This PM2 is not UP TO DATE
2026-07-14T22:26:47: PM2 log: [PM2] Upgrade to version 7.0.3
2026-07-15T22:26:47: PM2 log: [PM2] This PM2 is not UP TO DATE
2026-07-15T22:26:47: PM2 log: [PM2] Upgrade to version 7.0.3
2026-07-16T22:26:47: PM2 log: [PM2] This PM2 is not UP TO DATE
2026-07-16T22:26:47: PM2 log: [PM2] Upgrade to version 7.0.3
2026-07-17T22:26:47: PM2 log: [PM2] This PM2 is not UP TO DATE
2026-07-17T22:26:47: PM2 log: [PM2] Upgrade to version 7.0.3
2026-07-18T22:26:47: PM2 log: [PM2] This PM2 is not UP TO DATE
2026-07-18T22:26:47: PM2 log: [PM2] Upgrade to version 7.0.3
2026-07-19T22:26:47: PM2 log: [PM2] This PM2 is not UP TO DATE
2026-07-19T22:26:47: PM2 log: [PM2] Upgrade to version 7.0.3
2026-07-20T22:26:47: PM2 log: [PM2] This PM2 is not UP TO DATE
2026-07-20T22:26:47: PM2 log: [PM2] Upgrade to version 7.0.3
2026-07-21T22:26:47: PM2 log: [PM2] This PM2 is not UP TO DATE
2026-07-21T22:26:47: PM2 log: [PM2] Upgrade to version 7.0.3
2026-07-22T22:26:47: PM2 log: [PM2] This PM2 is not UP TO DATE
2026-07-22T22:26:47: PM2 log: [PM2] Upgrade to version 7.0.3
2026-07-23T22:26:47: PM2 log: [PM2] This PM2 is not UP TO DATE
2026-07-23T22:26:47: PM2 log: [PM2] Upgrade to version 7.0.3
2026-07-24T22:26:47: PM2 log: [PM2] This PM2 is not UP TO DATE
2026-07-24T22:26:47: PM2 log: [PM2] Upgrade to version 7.0.3
2026-07-25T22:26:47: PM2 log: [PM2] This PM2 is not UP TO DATE
2026-07-25T22:26:47: PM2 log: [PM2] Upgrade to version 7.0.3
2026-07-26T22:26:47: PM2 log: [PM2] This PM2 is not UP TO DATE
2026-07-26T22:26:47: PM2 log: [PM2] Upgrade to version 7.0.3
2026-07-27T22:26:47: PM2 log: [PM2] This PM2 is not UP TO DATE
2026-07-27T22:26:47: PM2 log: [PM2] Upgrade to version 7.0.3
2026-07-28T22:26:47: PM2 log: [PM2] This PM2 is not UP TO DATE
2026-07-28T22:26:47: PM2 log: [PM2] Upgrade to version 7.0.3
2026-07-29T22:26:47: PM2 log: [PM2] This PM2 is not UP TO DATE
2026-07-29T22:26:47: PM2 log: [PM2] Upgrade to version 7.0.3
2026-07-30T22:26:47: PM2 log: [PM2] This PM2 is not UP TO DATE
2026-07-30T22:26:47: PM2 log: [PM2] Upgrade to version 7.0.3
2026-07-31T22:26:47: PM2 log: [PM2] This PM2 is not UP TO DATE
2026-07-31T22:26:47: PM2 log: [PM2] Upgrade to version 7.0.3
2026-08-01T22:26:47: PM2 log: [PM2] This PM2 is not UP TO DATE
2026-08-01T22:26:47: PM2 log: [PM2] Upgrade to version 7.0.3
2026-08-02T22:26:47: PM2 log: [PM2] This PM2 is not UP TO DATE
2026-08-02T22:26:47: PM2 log: [PM2] Upgrade to version 7.0.3
2026-08-03T22:26:47: PM2 log: [PM2] This PM2 is not UP TO DATE
2026-08-03T22:26:47: PM2 log: [PM2] Upgrade to version 7.0.3
2026-08-03T23:36:40: PM2 log: pm2 has been killed by signal, dumping process list before exit...
2026-08-03T23:36:40: PM2 log: Deleting process 0
2026-08-03T23:36:40: PM2 log: Stopping app:powerpulse id:0
2026-08-03T23:36:41: PM2 log: App [powerpulse:0] exited with code [0] via signal [SIGHUP]
2026-08-03T23:36:41: PM2 log: pid=363527 msg=process killed
2026-08-03T23:36:41: PM2 log: Exited peacefully
