0 verbose cli /usr/bin/node /usr/bin/npm
1 info using npm@10.8.2
2 info using node@v20.20.1
3 silly config load:file:/usr/lib/node_modules/npm/npmrc
4 silly config load:file:/home/ec2-user/powerpulse/.npmrc
5 silly config load:file:/home/ec2-user/.npmrc
6 silly config load:file:/usr/etc/npmrc
7 verbose title npm install
8 verbose argv "install"
9 verbose logfile logs-max:10 dir:/home/ec2-user/.npm/_logs/2026-04-11T06_43_37_747Z-
10 verbose logfile /home/ec2-user/.npm/_logs/2026-04-11T06_43_37_747Z-debug-0.log
11 silly packumentCache heap:495452160 maxSize:123863040 maxEntrySize:61931520
12 silly logfile done cleaning log files
13 silly idealTree buildDeps
14 silly reify moves {}
15 silly audit bulk request {
15 silly audit   '@aws-crypto/crc32': [ '5.2.0' ],
15 silly audit   '@aws-crypto/sha256-browser': [ '5.2.0' ],
15 silly audit   '@smithy/is-array-buffer': [ '2.2.0', '4.2.2' ],
15 silly audit   '@smithy/util-buffer-from': [ '2.2.0', '4.2.2' ],
15 silly audit   '@smithy/util-utf8': [ '2.3.0', '4.2.2' ],
15 silly audit   '@aws-crypto/sha256-js': [ '5.2.0' ],
15 silly audit   '@aws-crypto/supports-web-crypto': [ '5.2.0' ],
15 silly audit   '@aws-crypto/util': [ '5.2.0' ],
15 silly audit   '@aws-sdk/client-bedrock-runtime': [ '3.1014.0' ],
15 silly audit   '@aws-sdk/client-dynamodb': [ '3.1014.0' ],
15 silly audit   '@aws-sdk/client-ec2': [ '3.1009.0' ],
15 silly audit   '@aws-sdk/client-lambda': [ '3.1009.0' ],
15 silly audit   '@aws-sdk/client-sns': [ '3.1009.0' ],
15 silly audit   '@aws-sdk/core': [ '3.973.23' ],
15 silly audit   '@aws-sdk/credential-provider-env': [ '3.972.21' ],
15 silly audit   '@aws-sdk/credential-provider-http': [ '3.972.23' ],
15 silly audit   '@aws-sdk/credential-provider-ini': [ '3.972.23' ],
15 silly audit   '@aws-sdk/credential-provider-login': [ '3.972.23' ],
15 silly audit   '@aws-sdk/credential-provider-node': [ '3.972.24' ],
15 silly audit   '@aws-sdk/credential-provider-process': [ '3.972.21' ],
15 silly audit   '@aws-sdk/credential-provider-sso': [ '3.972.23' ],
15 silly audit   '@aws-sdk/credential-provider-web-identity': [ '3.972.23' ],
15 silly audit   '@aws-sdk/dynamodb-codec': [ '3.972.24' ],
15 silly audit   '@aws-sdk/endpoint-cache': [ '3.972.4' ],
15 silly audit   '@aws-sdk/eventstream-handler-node': [ '3.972.11' ],
15 silly audit   '@aws-sdk/lib-dynamodb': [ '3.1008.0' ],
15 silly audit   '@aws-sdk/middleware-endpoint-discovery': [ '3.972.8' ],
15 silly audit   '@aws-sdk/middleware-eventstream': [ '3.972.8' ],
15 silly audit   '@aws-sdk/middleware-host-header': [ '3.972.8' ],
15 silly audit   '@aws-sdk/middleware-logger': [ '3.972.8' ],
15 silly audit   '@aws-sdk/middleware-recursion-detection': [ '3.972.8' ],
15 silly audit   '@aws-sdk/middleware-sdk-ec2': [ '3.972.15' ],
15 silly audit   '@aws-sdk/middleware-user-agent': [ '3.972.24' ],
15 silly audit   '@aws-sdk/middleware-websocket': [ '3.972.13' ],
15 silly audit   '@aws-sdk/nested-clients': [ '3.996.13' ],
15 silly audit   '@aws-sdk/region-config-resolver': [ '3.972.9' ],
15 silly audit   '@aws-sdk/token-providers': [ '3.1014.0' ],
15 silly audit   '@aws-sdk/types': [ '3.973.6' ],
15 silly audit   '@aws-sdk/util-dynamodb': [ '3.996.2' ],
15 silly audit   '@aws-sdk/util-endpoints': [ '3.996.5' ],
15 silly audit   '@aws-sdk/util-format-url': [ '3.972.8' ],
15 silly audit   '@aws-sdk/util-locate-window': [ '3.965.5' ],
15 silly audit   '@aws-sdk/util-user-agent-browser': [ '3.972.8' ],
15 silly audit   '@aws-sdk/util-user-agent-node': [ '3.973.10' ],
15 silly audit   '@aws-sdk/xml-builder': [ '3.972.15' ],
15 silly audit   '@aws/lambda-invoke-store': [ '0.2.4' ],
15 silly audit   '@babel/code-frame': [ '7.29.0' ],
15 silly audit   '@babel/generator': [ '7.29.1' ],
15 silly audit   '@babel/helper-globals': [ '7.28.0' ],
15 silly audit   '@babel/helper-string-parser': [ '7.27.1' ],
15 silly audit   '@babel/helper-validator-identifier': [ '7.28.5' ],
15 silly audit   '@babel/parser': [ '7.29.0' ],
15 silly audit   '@babel/runtime': [ '7.28.6' ],
15 silly audit   '@babel/template': [ '7.28.6' ],
15 silly audit   '@babel/traverse': [ '7.29.0' ],
15 silly audit   debug: [ '4.4.3', '2.6.9' ],
15 silly audit   ms: [ '2.1.3', '2.0.0' ],
15 silly audit   '@babel/types': [ '7.29.0' ],
15 silly audit   '@jridgewell/gen-mapping': [ '0.3.13' ],
15 silly audit   '@jridgewell/resolve-uri': [ '3.1.2' ],
15 silly audit   '@jridgewell/sourcemap-codec': [ '1.5.5' ],
15 silly audit   '@jridgewell/trace-mapping': [ '0.3.31' ],
15 silly audit   '@smithy/abort-controller': [ '4.2.12' ],
15 silly audit   '@smithy/config-resolver': [ '4.4.13' ],
15 silly audit   '@smithy/core': [ '3.23.12' ],
15 silly audit   '@smithy/credential-provider-imds': [ '4.2.12' ],
15 silly audit   '@smithy/eventstream-codec': [ '4.2.12' ],
15 silly audit   '@smithy/eventstream-serde-browser': [ '4.2.12' ],
15 silly audit   '@smithy/eventstream-serde-config-resolver': [ '4.3.12' ],
15 silly audit   '@smithy/eventstream-serde-node': [ '4.2.12' ],
15 silly audit   '@smithy/eventstream-serde-universal': [ '4.2.12' ],
15 silly audit   '@smithy/fetch-http-handler': [ '5.3.15' ],
15 silly audit   '@smithy/hash-node': [ '4.2.12' ],
15 silly audit   '@smithy/invalid-dependency': [ '4.2.12' ],
15 silly audit   '@smithy/middleware-content-length': [ '4.2.12' ],
15 silly audit   '@smithy/middleware-endpoint': [ '4.4.27' ],
15 silly audit   '@smithy/middleware-retry': [ '4.4.44' ],
15 silly audit   '@smithy/middleware-serde': [ '4.2.15' ],
15 silly audit   '@smithy/middleware-stack': [ '4.2.12' ],
15 silly audit   '@smithy/node-config-provider': [ '4.3.12' ],
15 silly audit   '@smithy/node-http-handler': [ '4.5.0' ],
15 silly audit   '@smithy/property-provider': [ '4.2.12' ],
15 silly audit   '@smithy/protocol-http': [ '5.3.12' ],
15 silly audit   '@smithy/querystring-builder': [ '4.2.12' ],
15 silly audit   '@smithy/querystring-parser': [ '4.2.12' ],
15 silly audit   '@smithy/service-error-classification': [ '4.2.12' ],
15 silly audit   '@smithy/shared-ini-file-loader': [ '4.4.7' ],
15 silly audit   '@smithy/signature-v4': [ '5.3.12' ],
15 silly audit   '@smithy/smithy-client': [ '4.12.7' ],
15 silly audit   '@smithy/types': [ '4.13.1' ],
15 silly audit   '@smithy/url-parser': [ '4.2.12' ],
15 silly audit   '@smithy/util-base64': [ '4.3.2' ],
15 silly audit   '@smithy/util-body-length-browser': [ '4.2.2' ],
15 silly audit   '@smithy/util-body-length-node': [ '4.2.3' ],
15 silly audit   '@smithy/util-config-provider': [ '4.2.2' ],
15 silly audit   '@smithy/util-defaults-mode-browser': [ '4.3.43' ],
15 silly audit   '@smithy/util-defaults-mode-node': [ '4.2.47' ],
15 silly audit   '@smithy/util-endpoints': [ '3.3.3' ],
15 silly audit   '@smithy/util-hex-encoding': [ '4.2.2' ],
15 silly audit   '@smithy/util-middleware': [ '4.2.12' ],
15 silly audit   '@smithy/util-retry': [ '4.2.12' ],
15 silly audit   '@smithy/util-stream': [ '4.5.20' ],
15 silly audit   '@smithy/util-uri-escape': [ '4.2.2' ],
15 silly audit   '@smithy/util-waiter': [ '4.2.13' ],
15 silly audit   '@smithy/uuid': [ '1.1.2' ],
15 silly audit   '@types/minimatch': [ '3.0.5' ],
15 silly audit   '@types/node': [ '25.4.0' ],
15 silly audit   '@types/parse-json': [ '4.0.2' ],
15 silly audit   '@types/readable-stream': [ '4.0.23' ],
15 silly audit   '@types/ws': [ '8.18.1' ],
15 silly audit   '@vue/compiler-core': [ '3.5.30' ],
15 silly audit   '@vue/compiler-dom': [ '3.5.30' ],
15 silly audit   '@vue/compiler-sfc': [ '3.5.30' ],
15 silly audit   '@vue/compiler-ssr': [ '3.5.30' ],
15 silly audit   '@vue/shared': [ '3.5.30' ],
15 silly audit   'abort-controller': [ '3.0.0' ],
15 silly audit   accepts: [ '1.3.8' ],
15 silly audit   'ansi-regex': [ '5.0.1' ],
15 silly audit   'ansi-styles': [ '4.3.0' ],
15 silly audit   argparse: [ '1.0.10' ],
15 silly audit   'array-differ': [ '3.0.0' ],
15 silly audit   'array-flatten': [ '1.1.1' ],
15 silly audit   'array-union': [ '2.1.0' ],
15 silly audit   arrify: [ '2.0.1' ],
15 silly audit   asynckit: [ '0.4.0' ],
15 silly audit   axios: [ '1.13.6' ],
15 silly audit   'balanced-match': [ '1.0.2' ],
15 silly audit   'base64-js': [ '1.5.1' ],
15 silly audit   bcryptjs: [ '2.4.3' ],
15 silly audit   bl: [ '6.1.6' ],
15 silly audit   'body-parser': [ '1.20.4' ],
15 silly audit   'http-errors': [ '2.0.1', '2.0.0' ],
15 silly audit   statuses: [ '2.0.2', '2.0.1' ],
15 silly audit   bowser: [ '2.14.1' ],
15 silly audit   'brace-expansion': [ '2.0.2', '1.1.12' ],
15 silly audit   braces: [ '3.0.3' ],
15 silly audit   'broker-factory': [ '3.1.13' ],
15 silly audit   buffer: [ '6.0.3' ],
15 silly audit   'buffer-equal-constant-time': [ '1.0.1' ],
15 silly audit   'buffer-from': [ '1.1.2' ],
15 silly audit   bytes: [ '3.1.2' ],
15 silly audit   'call-bind-apply-helpers': [ '1.0.2' ],
15 silly audit   'call-bound': [ '1.0.4' ],
15 silly audit   callsite: [ '1.0.0' ],
15 silly audit   callsites: [ '3.1.0' ],
15 silly audit   camelcase: [ '6.3.0' ],
15 silly audit   cliui: [ '7.0.4' ],
15 silly audit   'color-convert': [ '2.0.1' ],
15 silly audit   'color-name': [ '1.1.4' ],
15 silly audit   'combined-stream': [ '1.0.8' ],
15 silly audit   commist: [ '3.2.0' ],
15 silly audit   'concat-map': [ '0.0.1' ],
15 silly audit   'concat-stream': [ '2.0.0' ],
15 silly audit   'readable-stream': [ '3.6.2', '4.7.0' ],
15 silly audit   'content-disposition': [ '0.5.4' ],
15 silly audit   'content-type': [ '1.0.5' ],
15 silly audit   cookie: [ '0.7.2' ],
15 silly audit   'cookie-parser': [ '1.4.7' ],
15 silly audit   'cookie-signature': [ '1.0.6' ],
15 silly audit   cosmiconfig: [ '7.1.0' ],
15 silly audit   'delayed-stream': [ '1.0.0' ],
15 silly audit   depcheck: [ '1.4.7' ],
15 silly audit   depd: [ '2.0.0' ],
15 silly audit   'deps-regex': [ '0.2.0' ],
15 silly audit   destroy: [ '1.2.0' ],
15 silly audit   'detect-file': [ '1.0.0' ],
15 silly audit   dotenv: [ '16.4.7' ],
15 silly audit   'dunder-proto': [ '1.0.1' ],
15 silly audit   'ecdsa-sig-formatter': [ '1.0.11' ],
15 silly audit   'ee-first': [ '1.1.1' ],
15 silly audit   'emoji-regex': [ '8.0.0' ],
15 silly audit   encodeurl: [ '2.0.0', '1.0.2' ],
15 silly audit   entities: [ '7.0.1' ],
15 silly audit   'error-ex': [ '1.3.4' ],
15 silly audit   'es-define-property': [ '1.0.1' ],
15 silly audit   'es-errors': [ '1.3.0' ],
15 silly audit   'es-object-atoms': [ '1.1.1' ],
15 silly audit   'es-set-tostringtag': [ '2.1.0' ],
15 silly audit   escalade: [ '3.2.0' ],
15 silly audit   'escape-html': [ '1.0.3' ],
15 silly audit   esprima: [ '4.0.1' ],
15 silly audit   'estree-walker': [ '2.0.2' ],
15 silly audit   etag: [ '1.8.1' ],
15 silly audit   'event-target-shim': [ '5.0.1' ],
15 silly audit   events: [ '3.3.0' ],
15 silly audit   'expand-tilde': [ '2.0.2' ],
15 silly audit   express: [ '4.22.1' ],
15 silly audit   'fast-unique-numbers': [ '9.0.26' ],
15 silly audit   'fast-xml-builder': [ '1.1.4' ],
15 silly audit   'fast-xml-parser': [ '5.5.8' ],
15 silly audit   'fill-range': [ '7.1.1' ],
15 silly audit   finalhandler: [ '1.3.1' ],
15 silly audit   'findup-sync': [ '5.0.0' ],
15 silly audit   'follow-redirects': [ '1.15.11' ],
15 silly audit   'form-data': [ '4.0.5' ],
15 silly audit   forwarded: [ '0.2.0' ],
15 silly audit   fresh: [ '0.5.2' ],
15 silly audit   'function-bind': [ '1.1.2' ],
15 silly audit   'get-caller-file': [ '2.0.5' ],
15 silly audit   'get-intrinsic': [ '1.3.0' ],
15 silly audit   'get-proto': [ '1.0.1' ],
15 silly audit   'global-modules': [ '1.0.0' ],
15 silly audit   'global-prefix': [ '1.0.2' ],
15 silly audit   gopd: [ '1.2.0' ],
15 silly audit   'has-symbols': [ '1.1.0' ],
15 silly audit   'has-tostringtag': [ '1.0.2' ],
15 silly audit   hasown: [ '2.0.2' ],
15 silly audit   'help-me': [ '5.0.0' ],
15 silly audit   'homedir-polyfill': [ '1.0.3' ],
15 silly audit   'iconv-lite': [ '0.4.24' ],
15 silly audit   ieee754: [ '1.2.1' ],
15 silly audit   ignore: [ '5.3.2' ],
15 silly audit   'import-fresh': [ '3.3.1' ],
15 silly audit   'resolve-from': [ '4.0.0', '5.0.0' ],
15 silly audit   inherits: [ '2.0.4' ],
15 silly audit   ini: [ '1.3.8' ],
15 silly audit   'ip-address': [ '10.1.0' ],
15 silly audit   'ipaddr.js': [ '1.9.1' ],
15 silly audit   'is-arrayish': [ '0.2.1' ],
15 silly audit   'is-core-module': [ '2.16.1' ],
15 silly audit   'is-extglob': [ '2.1.1' ],
15 silly audit   'is-fullwidth-code-point': [ '3.0.0' ],
15 silly audit   'is-glob': [ '4.0.3' ],
15 silly audit   'is-number': [ '7.0.0' ],
15 silly audit   'is-windows': [ '1.0.2' ],
15 silly audit   isexe: [ '2.0.0' ],
15 silly audit   'js-sdsl': [ '4.3.0' ],
15 silly audit   'js-tokens': [ '4.0.0' ],
15 silly audit   'js-yaml': [ '3.14.2' ],
15 silly audit   jsesc: [ '3.1.0' ],
15 silly audit   'json-parse-even-better-errors': [ '2.3.1' ],
15 silly audit   json5: [ '2.2.3' ],
15 silly audit   jsonwebtoken: [ '9.0.3' ],
15 silly audit   jwa: [ '2.0.1' ],
15 silly audit   jws: [ '4.0.1' ],
15 silly audit   'lines-and-columns': [ '1.2.4' ],
15 silly audit   lodash: [ '4.17.23' ],
15 silly audit   'lodash.includes': [ '4.3.0' ],
15 silly audit   'lodash.isboolean': [ '3.0.3' ],
15 silly audit   'lodash.isinteger': [ '4.0.4' ],
15 silly audit   'lodash.isnumber': [ '3.0.3' ],
15 silly audit   'lodash.isplainobject': [ '4.0.6' ],
15 silly audit   'lodash.isstring': [ '4.0.1' ],
15 silly audit   'lodash.once': [ '4.1.1' ],
15 silly audit   'lru-cache': [ '10.4.3' ],
15 silly audit   'magic-string': [ '0.30.21' ],
15 silly audit   'math-intrinsics': [ '1.1.0' ],
15 silly audit   'media-typer': [ '0.3.0' ],
15 silly audit   'merge-descriptors': [ '1.0.3' ],
15 silly audit   methods: [ '1.1.2' ],
15 silly audit   micromatch: [ '4.0.8' ],
15 silly audit   mime: [ '1.6.0' ],
15 silly audit   'mime-db': [ '1.52.0' ],
15 silly audit   'mime-types': [ '2.1.35' ],
15 silly audit   minimatch: [ '7.4.9', '3.1.5' ],
15 silly audit   minimist: [ '1.2.8' ],
15 silly audit   mnemonist: [ '0.38.3' ],
15 silly audit   mqtt: [ '5.15.0' ],
15 silly audit   'mqtt-packet': [ '9.0.2' ],
15 silly audit   multimatch: [ '5.0.0' ],
15 silly audit   nanoid: [ '3.3.11' ],
15 silly audit   negotiator: [ '0.6.3' ],
15 silly audit   'number-allocator': [ '1.0.14' ],
15 silly audit   'object-inspect': [ '1.13.4' ],
15 silly audit   obliterator: [ '1.6.1' ],
15 silly audit   'on-finished': [ '2.4.1' ],
15 silly audit   'parent-module': [ '1.0.1' ],
15 silly audit   'parse-json': [ '5.2.0' ],
15 silly audit   'parse-passwd': [ '1.0.0' ],
15 silly audit   parseurl: [ '1.3.3' ],
15 silly audit   'path-expression-matcher': [ '1.2.0' ],
15 silly audit   'path-parse': [ '1.0.7' ],
15 silly audit   'path-to-regexp': [ '0.1.12' ],
15 silly audit   'path-type': [ '4.0.0' ],
15 silly audit   picocolors: [ '1.1.1' ],
15 silly audit   picomatch: [ '2.3.1' ],
15 silly audit   'please-upgrade-node': [ '3.2.0' ],
15 silly audit   postcss: [ '8.5.8' ],
15 silly audit   process: [ '0.11.10' ],
15 silly audit   'process-nextick-args': [ '2.0.1' ],
15 silly audit   'proxy-addr': [ '2.0.7' ],
15 silly audit   'proxy-from-env': [ '1.1.0' ],
15 silly audit   qs: [ '6.14.2' ],
15 silly audit   'range-parser': [ '1.2.1' ],
15 silly audit   'raw-body': [ '2.5.3' ],
15 silly audit   readdirp: [ '3.6.0' ],
15 silly audit   'require-directory': [ '2.1.1' ],
15 silly audit   'require-package-name': [ '2.0.1' ],
15 silly audit   resolve: [ '1.22.11' ],
15 silly audit   'resolve-dir': [ '1.0.1' ],
15 silly audit   rfdc: [ '1.4.1' ],
15 silly audit   'safe-buffer': [ '5.2.1' ],
15 silly audit   'safer-buffer': [ '2.1.2' ],
15 silly audit   semver: [ '7.7.4' ],
15 silly audit   'semver-compare': [ '1.0.0' ],
15 silly audit   send: [ '0.19.0' ],
15 silly audit   'serve-static': [ '1.16.2' ],
15 silly audit   setprototypeof: [ '1.2.0' ],
15 silly audit   'side-channel': [ '1.1.0' ],
15 silly audit   'side-channel-list': [ '1.0.0' ],
15 silly audit   'side-channel-map': [ '1.0.1' ],
15 silly audit   'side-channel-weakmap': [ '1.0.2' ],
15 silly audit   'smart-buffer': [ '4.2.0' ],
15 silly audit   socks: [ '2.8.7' ],
15 silly audit   'source-map-js': [ '1.2.1' ],
15 silly audit   split2: [ '4.2.0' ],
15 silly audit   'sprintf-js': [ '1.0.3' ],
15 silly audit   string_decoder: [ '1.3.0' ],
15 silly audit   'string-width': [ '4.2.3' ],
15 silly audit   'strip-ansi': [ '6.0.1' ],
15 silly audit   strnum: [ '2.2.1' ],
15 silly audit   'supports-preserve-symlinks-flag': [ '1.0.0' ],
15 silly audit   'to-regex-range': [ '5.0.1' ],
15 silly audit   toidentifier: [ '1.0.1' ],
15 silly audit   tslib: [ '2.8.1' ],
15 silly audit   'type-is': [ '1.6.18' ],
15 silly audit   typedarray: [ '0.0.6' ],
15 silly audit   'undici-types': [ '7.18.2' ],
15 silly audit   unpipe: [ '1.0.0' ],
15 silly audit   'util-deprecate': [ '1.0.2' ],
15 silly audit   'utils-merge': [ '1.0.1' ],
15 silly audit   vary: [ '1.1.2' ],
15 silly audit   which: [ '1.3.1' ],
15 silly audit   'worker-factory': [ '7.0.48' ],
15 silly audit   'worker-timers': [ '8.0.30' ],
15 silly audit   'worker-timers-broker': [ '8.0.15' ],
15 silly audit   'worker-timers-worker': [ '9.0.13' ],
15 silly audit   'wrap-ansi': [ '7.0.0' ],
15 silly audit   ws: [ '8.19.0' ],
15 silly audit   y18n: [ '5.0.8' ],
15 silly audit   yaml: [ '1.10.2' ],
15 silly audit   yargs: [ '16.2.0' ],
15 silly audit   'yargs-parser': [ '20.2.9' ]
15 silly audit }
16 http fetch POST 200 https://registry.npmjs.org/-/npm/v1/security/advisories/bulk 704ms
17 silly audit report {
17 silly audit report   axios: [
17 silly audit report     {
17 silly audit report       id: 1116365,
17 silly audit report       url: 'https://github.com/advisories/GHSA-3p68-rc4w-qgx5',
17 silly audit report       title: 'Axios has a NO_PROXY Hostname Normalization Bypass Leads to SSRF',
17 silly audit report       severity: 'critical',
17 silly audit report       vulnerable_versions: '<1.15.0',
17 silly audit report       cwe: [Array],
17 silly audit report       cvss: [Object]
17 silly audit report     },
17 silly audit report     {
17 silly audit report       id: 1116473,
17 silly audit report       url: 'https://github.com/advisories/GHSA-fvcv-3m26-pcqx',
17 silly audit report       title: 'Axios has Unrestricted Cloud Metadata Exfiltration via Header Injection Chain',
17 silly audit report       severity: 'critical',
17 silly audit report       vulnerable_versions: '<1.15.0',
17 silly audit report       cwe: [Array],
17 silly audit report       cvss: [Object]
17 silly audit report     }
17 silly audit report   ],
17 silly audit report   'brace-expansion': [
17 silly audit report     {
17 silly audit report       id: 1115540,
17 silly audit report       url: 'https://github.com/advisories/GHSA-f886-m6hf-6m8v',
17 silly audit report       title: 'brace-expansion: Zero-step sequence causes process hang and memory exhaustion',
17 silly audit report       severity: 'moderate',
17 silly audit report       vulnerable_versions: '<1.1.13',
17 silly audit report       cwe: [Array],
17 silly audit report       cvss: [Object]
17 silly audit report     },
17 silly audit report     {
17 silly audit report       id: 1115541,
17 silly audit report       url: 'https://github.com/advisories/GHSA-f886-m6hf-6m8v',
17 silly audit report       title: 'brace-expansion: Zero-step sequence causes process hang and memory exhaustion',
17 silly audit report       severity: 'moderate',
17 silly audit report       vulnerable_versions: '>=2.0.0 <2.0.3',
17 silly audit report       cwe: [Array],
17 silly audit report       cvss: [Object]
17 silly audit report     }
17 silly audit report   ],
17 silly audit report   lodash: [
17 silly audit report     {
17 silly audit report       id: 1115806,
17 silly audit report       url: 'https://github.com/advisories/GHSA-r5fr-rjxr-66jc',
17 silly audit report       title: 'lodash vulnerable to Code Injection via `_.template` imports key names',
17 silly audit report       severity: 'high',
17 silly audit report       vulnerable_versions: '>=4.0.0 <=4.17.23',
17 silly audit report       cwe: [Array],
17 silly audit report       cvss: [Object]
17 silly audit report     },
17 silly audit report     {
17 silly audit report       id: 1115810,
17 silly audit report       url: 'https://github.com/advisories/GHSA-f23m-r3pf-42rh',
17 silly audit report       title: 'lodash vulnerable to Prototype Pollution via array path bypass in `_.unset` and `_.omit`',
17 silly audit report       severity: 'moderate',
17 silly audit report       vulnerable_versions: '<=4.17.23',
17 silly audit report       cwe: [Array],
17 silly audit report       cvss: [Object]
17 silly audit report     }
17 silly audit report   ],
17 silly audit report   'path-to-regexp': [
17 silly audit report     {
17 silly audit report       id: 1115527,
17 silly audit report       url: 'https://github.com/advisories/GHSA-37ch-88jc-xwx2',
17 silly audit report       title: 'path-to-regexp vulnerable to Regular Expression Denial of Service via multiple route parameters',
17 silly audit report       severity: 'high',
17 silly audit report       vulnerable_versions: '<0.1.13',
17 silly audit report       cwe: [Array],
17 silly audit report       cvss: [Object]
17 silly audit report     }
17 silly audit report   ],
17 silly audit report   picomatch: [
17 silly audit report     {
17 silly audit report       id: 1115549,
17 silly audit report       url: 'https://github.com/advisories/GHSA-3v7f-55p6-f55p',
17 silly audit report       title: 'Picomatch: Method Injection in POSIX Character Classes causes incorrect Glob Matching',
17 silly audit report       severity: 'moderate',
17 silly audit report       vulnerable_versions: '<2.3.2',
17 silly audit report       cwe: [Array],
17 silly audit report       cvss: [Object]
17 silly audit report     },
17 silly audit report     {
17 silly audit report       id: 1115552,
17 silly audit report       url: 'https://github.com/advisories/GHSA-c2c7-rcm5-vvqj',
17 silly audit report       title: 'Picomatch has a ReDoS vulnerability via extglob quantifiers',
17 silly audit report       severity: 'high',
17 silly audit report       vulnerable_versions: '<2.3.2',
17 silly audit report       cwe: [Array],
17 silly audit report       cvss: [Object]
17 silly audit report     }
17 silly audit report   ],
17 silly audit report   yaml: [
17 silly audit report     {
17 silly audit report       id: 1115555,
17 silly audit report       url: 'https://github.com/advisories/GHSA-48c2-rrv3-qjmp',
17 silly audit report       title: 'yaml is vulnerable to Stack Overflow via deeply nested YAML collections',
17 silly audit report       severity: 'moderate',
17 silly audit report       vulnerable_versions: '>=1.0.0 <1.10.3',
17 silly audit report       cwe: [Array],
17 silly audit report       cvss: [Object]
17 silly audit report     }
17 silly audit report   ]
17 silly audit report }
18 silly packumentCache corgi:https://registry.npmjs.org/axios cache-miss
19 silly packumentCache corgi:https://registry.npmjs.org/brace-expansion cache-miss
20 silly packumentCache corgi:https://registry.npmjs.org/lodash cache-miss
21 silly packumentCache corgi:https://registry.npmjs.org/path-to-regexp cache-miss
22 silly packumentCache corgi:https://registry.npmjs.org/picomatch cache-miss
23 silly packumentCache corgi:https://registry.npmjs.org/yaml cache-miss
24 http fetch GET 200 https://registry.npmjs.org/axios 95ms (cache miss)
25 silly packumentCache corgi:https://registry.npmjs.org/axios set size:undefined disposed:false
26 http fetch GET 200 https://registry.npmjs.org/brace-expansion 141ms (cache revalidated)
27 silly packumentCache corgi:https://registry.npmjs.org/brace-expansion set size:21298 disposed:false
28 http fetch GET 200 https://registry.npmjs.org/picomatch 141ms (cache revalidated)
29 silly packumentCache corgi:https://registry.npmjs.org/picomatch set size:44414 disposed:false
30 http fetch GET 200 https://registry.npmjs.org/path-to-regexp 142ms (cache revalidated)
31 silly packumentCache corgi:https://registry.npmjs.org/path-to-regexp set size:66575 disposed:false
32 http fetch GET 200 https://registry.npmjs.org/yaml 143ms (cache revalidated)
33 silly packumentCache corgi:https://registry.npmjs.org/yaml set size:160603 disposed:false
34 http fetch GET 200 https://registry.npmjs.org/lodash 153ms (cache updated)
35 silly packumentCache corgi:https://registry.npmjs.org/lodash set size:undefined disposed:false
36 silly packumentCache corgi:https://registry.npmjs.org/minimatch cache-miss
37 http fetch GET 200 https://registry.npmjs.org/minimatch 42ms (cache revalidated)
38 silly packumentCache corgi:https://registry.npmjs.org/minimatch set size:168441 disposed:false
39 silly packumentCache corgi:https://registry.npmjs.org/depcheck cache-miss
40 http fetch GET 200 https://registry.npmjs.org/depcheck 288ms (cache revalidated)
41 silly packumentCache corgi:https://registry.npmjs.org/depcheck set size:96686 disposed:false
42 silly packumentCache corgi:https://registry.npmjs.org/express cache-miss
43 http fetch GET 200 https://registry.npmjs.org/express 34ms (cache revalidated)
44 silly packumentCache corgi:https://registry.npmjs.org/express set size:337735 disposed:false
45 silly packumentCache corgi:https://registry.npmjs.org/micromatch cache-miss
46 silly packumentCache corgi:https://registry.npmjs.org/readdirp cache-miss
47 http fetch GET 200 https://registry.npmjs.org/micromatch 30ms (cache revalidated)
48 silly packumentCache corgi:https://registry.npmjs.org/micromatch set size:71776 disposed:false
49 http fetch GET 200 https://registry.npmjs.org/readdirp 779ms (cache revalidated)
50 silly packumentCache corgi:https://registry.npmjs.org/readdirp set size:47123 disposed:false
51 silly packumentCache corgi:https://registry.npmjs.org/cosmiconfig cache-miss
52 http fetch GET 200 https://registry.npmjs.org/cosmiconfig 34ms (cache revalidated)
53 silly packumentCache corgi:https://registry.npmjs.org/cosmiconfig set size:83406 disposed:false
54 verbose cwd /home/ec2-user/powerpulse
55 verbose os Linux 6.1.163-186.299.amzn2023.x86_64
56 verbose node v20.20.1
57 verbose npm  v10.8.2
58 verbose exit 0
59 info ok
